******************************************************************************
                  TI ARM Linker PC v20.2.5                     
******************************************************************************
>> Linked Fri Nov 25 11:28:08 2022

OUTPUT FILE NAME:   <part1_07.out>
ENTRY POINT SYMBOL: "_c_int00_noargs"  address: 00001351


MEMORY CONFIGURATION

         name            origin    length      used     unused   attr    fill
----------------------  --------  ---------  --------  --------  ----  --------
  MAIN                  00000000   00040000  00001420  0003ebe0  R  X
  INFO                  00200000   00004000  00000000  00004000  R  X
  SRAM_CODE             01000000   00010000  0000022c  0000fdd4  RW X
  SRAM_DATA             20000000   00010000  0000022c  0000fdd4  RW  


SEGMENT ALLOCATION MAP

run origin  load origin   length   init length attrs members
----------  ----------- ---------- ----------- ----- -------
00000000    00000000    00001420   00001420    r-x
  00000000    00000000    000000e4   000000e4    r-- .intvecs
  000000e4    000000e4    00001304   00001304    r-x .text
  000013e8    000013e8    00000038   00000038    r-- .cinit
20000000    20000000    0000002c   00000000    rw-
  20000000    20000000    00000028   00000000    rw- .data
  20000028    20000028    00000004   00000000    rw- .bss
2000fe00    2000fe00    00000200   00000000    rw-
  2000fe00    2000fe00    00000200   00000000    rw- .stack


SECTION ALLOCATION MAP

 output                                  attributes/
section   page    origin      length       input sections
--------  ----  ----------  ----------   ----------------
.intvecs   0    00000000    000000e4     
                  00000000    000000e4     startup_msp432p401r_ccs.obj (.intvecs:retain)

.text      0    000000e4    00001304     
                  000000e4    00000968     Part1_Interrupt_bumsw_motor.obj (.text)
                  00000a4c    00000334     system_msp432p401r.obj (.text)
                  00000d80    00000214     motor.obj (.text)
                  00000f94    000001e0     Clock.obj (.text)
                  00001174    0000009c     rtsv7M4_T_le_v4SPD16_eabi.lib : memcpy_t2.asm.obj (.text)
                  00001210    00000094     SysTick.obj (.text)
                  000012a4    00000068     rtsv7M4_T_le_v4SPD16_eabi.lib : copy_decompress_lzss.c.obj (.text:decompress:lzss:__TI_decompress_lzss)
                  0000130c    00000044                                   : autoinit.c.obj (.text:__TI_auto_init_nobinit_nopinit:__TI_auto_init_nobinit_nopinit)
                  00001350    00000034                                   : boot_cortex_m.c.obj (.text:_c_int00_noargs:_c_int00_noargs)
                  00001384    00000024     CortexM.obj (.text)
                  000013a8    0000001c     rtsv7M4_T_le_v4SPD16_eabi.lib : copy_zero_init.c.obj (.text:decompress:ZI:__TI_zero_init_nomemset:__TI_zero_init_nomemset)
                  000013c4    0000000e                                   : copy_decompress_none.c.obj (.text:decompress:none:__TI_decompress_none)
                  000013d2    0000000e     startup_msp432p401r_ccs.obj (.text)
                  000013e0    00000004     rtsv7M4_T_le_v4SPD16_eabi.lib : pre_init.c.obj (.text:_system_pre_init)
                  000013e4    00000004                                   : exit.c.obj (.text:abort:abort)

.cinit     0    000013e8    00000038     
                  000013e8    0000000d     (.cinit..data.load) [load image, compression = lzss]
                  000013f5    00000003     --HOLE-- [fill = 0]
                  000013f8    0000000c     (__TI_handler_table)
                  00001404    00000004     --HOLE-- [fill = 0]
                  00001408    00000008     (.cinit..bss.load) [load image, compression = zero_init]
                  00001410    00000010     (__TI_cinit_table)

.init_array 
*          0    00000000    00000000     UNINITIALIZED

.binit     0    00000000    00000000     

.data      0    20000000    00000028     UNINITIALIZED
                  20000000    00000018     Clock.obj (.data)
                  20000018    0000000c     Part1_Interrupt_bumsw_motor.obj (.data)
                  20000024    00000004     system_msp432p401r.obj (.data)

.bss       0    20000028    00000004     UNINITIALIZED
                  20000028    00000004     (.common:polling_mode)

.stack     0    2000fe00    00000200     UNINITIALIZED
                  2000fe00    00000004     rtsv7M4_T_le_v4SPD16_eabi.lib : boot_cortex_m.c.obj (.stack)
                  2000fe04    000001fc     --HOLE--

__llvm_prf_cnts 
*          0    20000000    00000000     UNINITIALIZED

MODULE SUMMARY

       Module                            code   ro data   rw data
       ------                            ----   -------   -------
    .\
       Part1_Interrupt_bumsw_motor.obj   2408   0         32     
       system_msp432p401r.obj            820    0         8      
       motor.obj                         532    0         0      
       Clock.obj                         480    0         48     
       startup_msp432p401r_ccs.obj       14     228       0      
       SysTick.obj                       148    0         0      
       CortexM.obj                       36     0         0      
    +--+---------------------------------+------+---------+---------+
       Total:                            4438   228       88     
                                                                 
    C:\TI\ccs\tools\compiler\ti-cgt-arm_20.2.5.LTS\lib\rtsv7M4_T_le_v4SPD16_eabi.lib
       memcpy_t2.asm.obj                 156    0         0      
       copy_decompress_lzss.c.obj        104    0         0      
       autoinit.c.obj                    68     0         0      
       boot_cortex_m.c.obj               52     0         0      
       copy_zero_init.c.obj              28     0         0      
       copy_decompress_none.c.obj        14     0         0      
       exit.c.obj                        4      0         0      
       pre_init.c.obj                    4      0         0      
    +--+---------------------------------+------+---------+---------+
       Total:                            430    0         0      
                                                                 
       Stack:                            0      0         1024   
       Linker Generated:                 0      49        0      
    +--+---------------------------------+------+---------+---------+
       Grand Total:                      4868   277       1112   


LINKER GENERATED COPY TABLES

__TI_cinit_table @ 00001410 records: 2, size/record: 8, table size: 16
	.data: load addr=000013e8, load size=0000000d bytes, run addr=20000000, run size=00000028 bytes, compression=lzss
	.bss: load addr=00001408, load size=00000008 bytes, run addr=20000028, run size=00000004 bytes, compression=zero_init


LINKER GENERATED HANDLER TABLE

__TI_handler_table @ 000013f8 records: 3, size/record: 4, table size: 12
	index: 0, handler: __TI_decompress_lzss
	index: 1, handler: __TI_decompress_none
	index: 2, handler: __TI_zero_init


GLOBAL SYMBOLS: SORTED ALPHABETICALLY BY Name 

address   name                          
-------   ----                          
000013df  ADC14_IRQHandler              
000013df  AES256_IRQHandler             
000000e5  BumpEdgeTrigger_Init          
00000385  Bump_Read_Input               
000013df  BusFault_Handler              
000013e5  C$$EXIT                       
000013df  COMP_E0_IRQHandler            
000013df  COMP_E1_IRQHandler            
20000008  CPMwait                       
000013df  CS_IRQHandler                 
20000000  ClockFrequency                
000010e9  Clock_Delay1ms                
000010bf  Clock_Delay1us                
000010ab  Clock_GetFreq                 
00000f95  Clock_Init48MHz               
20000014  Crystalstable                 
000013df  DMA_ERR_IRQHandler            
000013df  DMA_INT0_IRQHandler           
000013df  DMA_INT1_IRQHandler           
000013df  DMA_INT2_IRQHandler           
000013df  DMA_INT3_IRQHandler           
000013df  DebugMon_Handler              
000013df  Default_Handler               
00001385  DisableInterrupts             
000013df  EUSCIA0_IRQHandler            
000013df  EUSCIA1_IRQHandler            
000013df  EUSCIA2_IRQHandler            
000013df  EUSCIA3_IRQHandler            
000013df  EUSCIB0_IRQHandler            
000013df  EUSCIB1_IRQHandler            
000013df  EUSCIB2_IRQHandler            
000013df  EUSCIB3_IRQHandler            
0000138b  EnableInterrupts              
0000139b  EndCritical                   
000013df  FLCTL_IRQHandler              
000013df  FPU_IRQHandler                
000013df  HardFault_Handler             
20000010  IFlags                        
000013df  MemManage_Handler             
00000e2f  Motor_BackwardSimple          
00000dc7  Motor_ForwardSimple           
00000d81  Motor_InitSimple              
00000f0f  Motor_LeftSimple              
00000e9f  Motor_RightSimple             
00000da7  Motor_StopSimple              
000013df  NMI_Handler                   
000013df  PCM_IRQHandler                
000013df  PORT1_IRQHandler              
000013df  PORT2_IRQHandler              
000013df  PORT3_IRQHandler              
0000014d  PORT4_IRQHandler              
0000014d  PORT4_IRQHandler              
000013df  PORT5_IRQHandler              
000013df  PORT6_IRQHandler              
000013df  PSS_IRQHandler                
000013df  PendSV_Handler                
000005e3  Port1_Init                    
00000603  Port2_Init                    
00000641  Port2_Output                  
2000000c  Postwait                      
20000004  Prewait                       
000013df  RTC_C_IRQHandler              
000013d3  Reset_Handler                 
000013df  SVC_Handler                   
00001391  StartCritical                 
0000065f  Switch_Init                   
000013df  SysTick_Handler               
00001211  SysTick_Init                  
00001221  SysTick_Wait                  
00001247  SysTick_Wait10ms              
0000126d  SysTick_Wait1us               
20000024  SystemCoreClock               
00000a4d  SystemCoreClockUpdate         
00000cc5  SystemInit                    
000013df  T32_INT1_IRQHandler           
000013df  T32_INT2_IRQHandler           
000013df  T32_INTC_IRQHandler           
000013df  TA0_0_IRQHandler              
000013df  TA0_N_IRQHandler              
000013df  TA1_0_IRQHandler              
000013df  TA1_N_IRQHandler              
000013df  TA2_0_IRQHandler              
000013df  TA2_N_IRQHandler              
000013df  TA3_0_IRQHandler              
000013df  TA3_N_IRQHandler              
000013df  UsageFault_Handler            
4000480c  WDTCTL_SYM                    
000013df  WDT_A_IRQHandler              
000013a3  WaitForInterrupt              
20010000  __STACK_END                   
00000200  __STACK_SIZE                  
00001410  __TI_CINIT_Base               
00001420  __TI_CINIT_Limit              
000013f8  __TI_Handler_Table_Base       
00001404  __TI_Handler_Table_Limit      
0000130d  __TI_auto_init_nobinit_nopinit
000012a5  __TI_decompress_lzss          
000013c5  __TI_decompress_none          
ffffffff  __TI_pprof_out_hndl           
ffffffff  __TI_prof_data_size           
ffffffff  __TI_prof_data_start          
00000000  __TI_static_base__            
000013a9  __TI_zero_init_nomemset       
00001175  __aeabi_memcpy                
00001175  __aeabi_memcpy4               
00001175  __aeabi_memcpy8               
ffffffff  __binit__                     
ffffffff  __c_args__                    
UNDEFED   __mpu_init                    
2000fe00  __stack                       
20000000  __start___llvm_prf_cnts       
20000000  __stop___llvm_prf_cnts        
00001351  _c_int00_noargs               
UNDEFED   _system_post_cinit            
000013e1  _system_pre_init              
000013e5  abort                         
ffffffff  binit                         
000003bd  checkbumpswitch               
000010b1  delay                         
20000020  inter_mode                    
00000000  interruptVectors              
000006c1  main                          
00001175  memcpy                        
20000018  mode                          
20000028  polling_mode                  
2000001c  switch_mode                   


GLOBAL SYMBOLS: SORTED BY Symbol Address 

address   name                          
-------   ----                          
00000000  __TI_static_base__            
00000000  interruptVectors              
000000e5  BumpEdgeTrigger_Init          
0000014d  PORT4_IRQHandler              
0000014d  PORT4_IRQHandler              
00000200  __STACK_SIZE                  
00000385  Bump_Read_Input               
000003bd  checkbumpswitch               
000005e3  Port1_Init                    
00000603  Port2_Init                    
00000641  Port2_Output                  
0000065f  Switch_Init                   
000006c1  main                          
00000a4d  SystemCoreClockUpdate         
00000cc5  SystemInit                    
00000d81  Motor_InitSimple              
00000da7  Motor_StopSimple              
00000dc7  Motor_ForwardSimple           
00000e2f  Motor_BackwardSimple          
00000e9f  Motor_RightSimple             
00000f0f  Motor_LeftSimple              
00000f95  Clock_Init48MHz               
000010ab  Clock_GetFreq                 
000010b1  delay                         
000010bf  Clock_Delay1us                
000010e9  Clock_Delay1ms                
00001175  __aeabi_memcpy                
00001175  __aeabi_memcpy4               
00001175  __aeabi_memcpy8               
00001175  memcpy                        
00001211  SysTick_Init                  
00001221  SysTick_Wait                  
00001247  SysTick_Wait10ms              
0000126d  SysTick_Wait1us               
000012a5  __TI_decompress_lzss          
0000130d  __TI_auto_init_nobinit_nopinit
00001351  _c_int00_noargs               
00001385  DisableInterrupts             
0000138b  EnableInterrupts              
00001391  StartCritical                 
0000139b  EndCritical                   
000013a3  WaitForInterrupt              
000013a9  __TI_zero_init_nomemset       
000013c5  __TI_decompress_none          
000013d3  Reset_Handler                 
000013df  ADC14_IRQHandler              
000013df  AES256_IRQHandler             
000013df  BusFault_Handler              
000013df  COMP_E0_IRQHandler            
000013df  COMP_E1_IRQHandler            
000013df  CS_IRQHandler                 
000013df  DMA_ERR_IRQHandler            
000013df  DMA_INT0_IRQHandler           
000013df  DMA_INT1_IRQHandler           
000013df  DMA_INT2_IRQHandler           
000013df  DMA_INT3_IRQHandler           
000013df  DebugMon_Handler              
000013df  Default_Handler               
000013df  EUSCIA0_IRQHandler            
000013df  EUSCIA1_IRQHandler            
000013df  EUSCIA2_IRQHandler            
000013df  EUSCIA3_IRQHandler            
000013df  EUSCIB0_IRQHandler            
000013df  EUSCIB1_IRQHandler            
000013df  EUSCIB2_IRQHandler            
000013df  EUSCIB3_IRQHandler            
000013df  FLCTL_IRQHandler              
000013df  FPU_IRQHandler                
000013df  HardFault_Handler             
000013df  MemManage_Handler             
000013df  NMI_Handler                   
000013df  PCM_IRQHandler                
000013df  PORT1_IRQHandler              
000013df  PORT2_IRQHandler              
000013df  PORT3_IRQHandler              
000013df  PORT5_IRQHandler              
000013df  PORT6_IRQHandler              
000013df  PSS_IRQHandler                
000013df  PendSV_Handler                
000013df  RTC_C_IRQHandler              
000013df  SVC_Handler                   
000013df  SysTick_Handler               
000013df  T32_INT1_IRQHandler           
000013df  T32_INT2_IRQHandler           
000013df  T32_INTC_IRQHandler           
000013df  TA0_0_IRQHandler              
000013df  TA0_N_IRQHandler              
000013df  TA1_0_IRQHandler              
000013df  TA1_N_IRQHandler              
000013df  TA2_0_IRQHandler              
000013df  TA2_N_IRQHandler              
000013df  TA3_0_IRQHandler              
000013df  TA3_N_IRQHandler              
000013df  UsageFault_Handler            
000013df  WDT_A_IRQHandler              
000013e1  _system_pre_init              
000013e5  C$$EXIT                       
000013e5  abort                         
000013f8  __TI_Handler_Table_Base       
00001404  __TI_Handler_Table_Limit      
00001410  __TI_CINIT_Base               
00001420  __TI_CINIT_Limit              
20000000  ClockFrequency                
20000000  __start___llvm_prf_cnts       
20000000  __stop___llvm_prf_cnts        
20000004  Prewait                       
20000008  CPMwait                       
2000000c  Postwait                      
20000010  IFlags                        
20000014  Crystalstable                 
20000018  mode                          
2000001c  switch_mode                   
20000020  inter_mode                    
20000024  SystemCoreClock               
20000028  polling_mode                  
2000fe00  __stack                       
20010000  __STACK_END                   
4000480c  WDTCTL_SYM                    
ffffffff  __TI_pprof_out_hndl           
ffffffff  __TI_prof_data_size           
ffffffff  __TI_prof_data_start          
ffffffff  __binit__                     
ffffffff  __c_args__                    
ffffffff  binit                         
UNDEFED   __mpu_init                    
UNDEFED   _system_post_cinit            

[126 symbols]
